-
    name: id
    phpType: int
    type: integer
    increments: true
    nullable: false
    default: null
    primary: true
    unique: true
    fillable: false
    appended: null
    cast: int
    virtual: false
-
    name: name
    phpType: string
    type: string
    increments: false
    nullable: false
    default: null
    primary: false
    unique: false
    fillable: false
    appended: null
    cast: null
    virtual: false
-
    name: created_at
    phpType: DateTime
    type: datetime
    increments: false
    nullable: true
    default: null
    primary: false
    unique: false
    fillable: false
    appended: null
    cast: datetime
    virtual: false
-
    name: updated_at
    phpType: DateTime
    type: datetime
    increments: false
    nullable: true
    default: null
    primary: false
    unique: false
    fillable: false
    appended: null
    cast: datetime
    virtual: false
-
    name: title_uppercase
    phpType: string
    type: null
    increments: false
    nullable: null
    default: null
    primary: null
    unique: null
    fillable: false
    appended: false
    cast: accessor
    virtual: true
-
    name: title_without_return_type
    phpType: null
    type: null
    increments: false
    nullable: null
    default: null
    primary: null
    unique: null
    fillable: false
    appended: false
    cast: accessor
    virtual: true
